
Running 12 tests using 10 workers

[1A[2K[1/12] [Mobile Chrome] › tests/card_view.test.js:38:5 › Indian Food Guide Verification › Filter Logic: Vegetables & Fruits
[1A[2K[2/12] [chromium] › tests/card_view.test.js:84:5 › Indian Food Guide Verification › Sticky Header Structure
[1A[2K[3/12] [chromium] › tests/card_view.test.js:63:5 › Indian Food Guide Verification › Badge Whitelisting
[1A[2K[4/12] [Mobile Chrome] › tests/card_view.test.js:63:5 › Indian Food Guide Verification › Badge Whitelisting
[1A[2K[5/12] [chromium] › tests/card_view.test.js:96:5 › Indian Food Guide Verification › Dynamic Placeholders
[1A[2K[6/12] [chromium] › tests/card_view.test.js:11:5 › Indian Food Guide Verification › Page Title & Brand
[1A[2K[7/12] [Mobile Chrome] › tests/card_view.test.js:16:5 › Indian Food Guide Verification › Category Navigation & Data Loading
[1A[2K[8/12] [Mobile Chrome] › tests/card_view.test.js:11:5 › Indian Food Guide Verification › Page Title & Brand
[1A[2K[9/12] [chromium] › tests/card_view.test.js:16:5 › Indian Food Guide Verification › Category Navigation & Data Loading
[1A[2K[10/12] [chromium] › tests/card_view.test.js:38:5 › Indian Food Guide Verification › Filter Logic: Vegetables & Fruits
[1A[2K  1) [Mobile Chrome] › tests/card_view.test.js:38:5 › Indian Food Guide Verification › Filter Logic: Vegetables & Fruits 

    Error: page.goto: net::ERR_CONNECTION_REFUSED at http://localhost:8080/
    Call log:
    [2m  - navigating to "http://localhost:8080/", waiting until "load"[22m


      4 |
      5 |     test.beforeEach(async ({ page }) => {
    > 6 |         await page.goto('/');
        |                    ^
      7 |         // Ensure we are in card view
      8 |         await expect(page.locator('#card-view')).toBeVisible();
      9 |     });
        at /home/srix/workspace/fishnames/tests/card_view.test.js:6:20


[1A[2K  2) [chromium] › tests/card_view.test.js:63:5 › Indian Food Guide Verification › Badge Whitelisting 

    Error: page.goto: net::ERR_CONNECTION_REFUSED at http://localhost:8080/
    Call log:
    [2m  - navigating to "http://localhost:8080/", waiting until "load"[22m


      4 |
      5 |     test.beforeEach(async ({ page }) => {
    > 6 |         await page.goto('/');
        |                    ^
      7 |         // Ensure we are in card view
      8 |         await expect(page.locator('#card-view')).toBeVisible();
      9 |     });
        at /home/srix/workspace/fishnames/tests/card_view.test.js:6:20


[1A[2K  3) [chromium] › tests/card_view.test.js:84:5 › Indian Food Guide Verification › Sticky Header Structure 

    Error: page.goto: net::ERR_CONNECTION_REFUSED at http://localhost:8080/
    Call log:
    [2m  - navigating to "http://localhost:8080/", waiting until "load"[22m


      4 |
      5 |     test.beforeEach(async ({ page }) => {
    > 6 |         await page.goto('/');
        |                    ^
      7 |         // Ensure we are in card view
      8 |         await expect(page.locator('#card-view')).toBeVisible();
      9 |     });
        at /home/srix/workspace/fishnames/tests/card_view.test.js:6:20


[1A[2K  4) [Mobile Chrome] › tests/card_view.test.js:63:5 › Indian Food Guide Verification › Badge Whitelisting 

    Error: page.goto: net::ERR_CONNECTION_REFUSED at http://localhost:8080/
    Call log:
    [2m  - navigating to "http://localhost:8080/", waiting until "load"[22m


      4 |
      5 |     test.beforeEach(async ({ page }) => {
    > 6 |         await page.goto('/');
        |                    ^
      7 |         // Ensure we are in card view
      8 |         await expect(page.locator('#card-view')).toBeVisible();
      9 |     });
        at /home/srix/workspace/fishnames/tests/card_view.test.js:6:20


[1A[2K  5) [chromium] › tests/card_view.test.js:96:5 › Indian Food Guide Verification › Dynamic Placeholders 

    Error: page.goto: net::ERR_CONNECTION_REFUSED at http://localhost:8080/
    Call log:
    [2m  - navigating to "http://localhost:8080/", waiting until "load"[22m


      4 |
      5 |     test.beforeEach(async ({ page }) => {
    > 6 |         await page.goto('/');
        |                    ^
      7 |         // Ensure we are in card view
      8 |         await expect(page.locator('#card-view')).toBeVisible();
      9 |     });
        at /home/srix/workspace/fishnames/tests/card_view.test.js:6:20


[1A[2K  6) [chromium] › tests/card_view.test.js:11:5 › Indian Food Guide Verification › Page Title & Brand 

    Error: page.goto: net::ERR_CONNECTION_REFUSED at http://localhost:8080/
    Call log:
    [2m  - navigating to "http://localhost:8080/", waiting until "load"[22m


      4 |
      5 |     test.beforeEach(async ({ page }) => {
    > 6 |         await page.goto('/');
        |                    ^
      7 |         // Ensure we are in card view
      8 |         await expect(page.locator('#card-view')).toBeVisible();
      9 |     });
        at /home/srix/workspace/fishnames/tests/card_view.test.js:6:20


[1A[2K  7) [Mobile Chrome] › tests/card_view.test.js:16:5 › Indian Food Guide Verification › Category Navigation & Data Loading 

    Error: page.goto: net::ERR_CONNECTION_REFUSED at http://localhost:8080/
    Call log:
    [2m  - navigating to "http://localhost:8080/", waiting until "load"[22m


      4 |
      5 |     test.beforeEach(async ({ page }) => {
    > 6 |         await page.goto('/');
        |                    ^
      7 |         // Ensure we are in card view
      8 |         await expect(page.locator('#card-view')).toBeVisible();
      9 |     });
        at /home/srix/workspace/fishnames/tests/card_view.test.js:6:20


[1A[2K  8) [Mobile Chrome] › tests/card_view.test.js:11:5 › Indian Food Guide Verification › Page Title & Brand 

    Error: page.goto: net::ERR_CONNECTION_REFUSED at http://localhost:8080/
    Call log:
    [2m  - navigating to "http://localhost:8080/", waiting until "load"[22m


      4 |
      5 |     test.beforeEach(async ({ page }) => {
    > 6 |         await page.goto('/');
        |                    ^
      7 |         // Ensure we are in card view
      8 |         await expect(page.locator('#card-view')).toBeVisible();
      9 |     });
        at /home/srix/workspace/fishnames/tests/card_view.test.js:6:20


[1A[2K  9) [chromium] › tests/card_view.test.js:16:5 › Indian Food Guide Verification › Category Navigation & Data Loading 

    Error: page.goto: net::ERR_CONNECTION_REFUSED at http://localhost:8080/
    Call log:
    [2m  - navigating to "http://localhost:8080/", waiting until "load"[22m


      4 |
      5 |     test.beforeEach(async ({ page }) => {
    > 6 |         await page.goto('/');
        |                    ^
      7 |         // Ensure we are in card view
      8 |         await expect(page.locator('#card-view')).toBeVisible();
      9 |     });
        at /home/srix/workspace/fishnames/tests/card_view.test.js:6:20


[1A[2K  10) [chromium] › tests/card_view.test.js:38:5 › Indian Food Guide Verification › Filter Logic: Vegetables & Fruits 

    Error: page.goto: net::ERR_CONNECTION_REFUSED at http://localhost:8080/
    Call log:
    [2m  - navigating to "http://localhost:8080/", waiting until "load"[22m


      4 |
      5 |     test.beforeEach(async ({ page }) => {
    > 6 |         await page.goto('/');
        |                    ^
      7 |         // Ensure we are in card view
      8 |         await expect(page.locator('#card-view')).toBeVisible();
      9 |     });
        at /home/srix/workspace/fishnames/tests/card_view.test.js:6:20


[1A[2K[11/12] [Mobile Chrome] › tests/card_view.test.js:84:5 › Indian Food Guide Verification › Sticky Header Structure
[1A[2K[12/12] [Mobile Chrome] › tests/card_view.test.js:96:5 › Indian Food Guide Verification › Dynamic Placeholders
[1A[2K  11) [Mobile Chrome] › tests/card_view.test.js:84:5 › Indian Food Guide Verification › Sticky Header Structure 

    Error: page.goto: net::ERR_CONNECTION_REFUSED at http://localhost:8080/
    Call log:
    [2m  - navigating to "http://localhost:8080/", waiting until "load"[22m


      4 |
      5 |     test.beforeEach(async ({ page }) => {
    > 6 |         await page.goto('/');
        |                    ^
      7 |         // Ensure we are in card view
      8 |         await expect(page.locator('#card-view')).toBeVisible();
      9 |     });
        at /home/srix/workspace/fishnames/tests/card_view.test.js:6:20


[1A[2K  12) [Mobile Chrome] › tests/card_view.test.js:96:5 › Indian Food Guide Verification › Dynamic Placeholders 

    Error: page.goto: net::ERR_CONNECTION_REFUSED at http://localhost:8080/
    Call log:
    [2m  - navigating to "http://localhost:8080/", waiting until "load"[22m


      4 |
      5 |     test.beforeEach(async ({ page }) => {
    > 6 |         await page.goto('/');
        |                    ^
      7 |         // Ensure we are in card view
      8 |         await expect(page.locator('#card-view')).toBeVisible();
      9 |     });
        at /home/srix/workspace/fishnames/tests/card_view.test.js:6:20


[1A[2K  12 failed
    [chromium] › tests/card_view.test.js:11:5 › Indian Food Guide Verification › Page Title & Brand 
    [chromium] › tests/card_view.test.js:16:5 › Indian Food Guide Verification › Category Navigation & Data Loading 
    [chromium] › tests/card_view.test.js:38:5 › Indian Food Guide Verification › Filter Logic: Vegetables & Fruits 
    [chromium] › tests/card_view.test.js:63:5 › Indian Food Guide Verification › Badge Whitelisting 
    [chromium] › tests/card_view.test.js:84:5 › Indian Food Guide Verification › Sticky Header Structure 
    [chromium] › tests/card_view.test.js:96:5 › Indian Food Guide Verification › Dynamic Placeholders 
    [Mobile Chrome] › tests/card_view.test.js:11:5 › Indian Food Guide Verification › Page Title & Brand 
    [Mobile Chrome] › tests/card_view.test.js:16:5 › Indian Food Guide Verification › Category Navigation & Data Loading 
    [Mobile Chrome] › tests/card_view.test.js:38:5 › Indian Food Guide Verification › Filter Logic: Vegetables & Fruits 
    [Mobile Chrome] › tests/card_view.test.js:63:5 › Indian Food Guide Verification › Badge Whitelisting 
    [Mobile Chrome] › tests/card_view.test.js:84:5 › Indian Food Guide Verification › Sticky Header Structure 
    [Mobile Chrome] › tests/card_view.test.js:96:5 › Indian Food Guide Verification › Dynamic Placeholders 
